// Jest Snapshot v1, https://goo.gl/fbAQLP

exports[`<CounterFunc> CounterFunc snapshot 1`] = `
Array [
  <div
    aria-label="counter-val"
  >
    This is a example: 
    0
    .
  </div>,
  <button
    onClick={[Function]}
  >
    count+1
  </button>,
]
`;
